------------------------------------------------------------
Timing Analyzer Summary
------------------------------------------------------------

Type  : Slow 1100mV 85C Model Setup 'CLOCK_50'
Slack : -10.052
TNS   : -14190.558

Type  : Slow 1100mV 85C Model Setup 'MEM_ACCESS:MEM|driverVGA:driverVGA|pixel_clk'
Slack : -9.058
TNS   : -427.179

Type  : Slow 1100mV 85C Model Hold 'CLOCK_50'
Slack : 0.344
TNS   : 0.000

Type  : Slow 1100mV 85C Model Hold 'MEM_ACCESS:MEM|driverVGA:driverVGA|pixel_clk'
Slack : 0.391
TNS   : 0.000

Type  : Slow 1100mV 85C Model Recovery 'MEM_ACCESS:MEM|divisorGenerico:BaseDeTempoUmSegundo|tick'
Slack : -4.296
TNS   : -4.296

Type  : Slow 1100mV 85C Model Removal 'MEM_ACCESS:MEM|divisorGenerico:BaseDeTempoUmSegundo|tick'
Slack : 1.681
TNS   : 0.000

Type  : Slow 1100mV 85C Model Minimum Pulse Width 'CLOCK_50'
Slack : -2.636
TNS   : -2533.472

Type  : Slow 1100mV 85C Model Minimum Pulse Width 'MEM_ACCESS:MEM|driverVGA:driverVGA|pixel_clk'
Slack : -2.636
TNS   : -97.288

Type  : Slow 1100mV 85C Model Minimum Pulse Width 'MEM_ACCESS:MEM|divisorGenerico:BaseDeTempoUmSegundo|tick'
Slack : -0.538
TNS   : -0.884

Type  : Slow 1100mV 0C Model Setup 'CLOCK_50'
Slack : -9.872
TNS   : -13722.110

Type  : Slow 1100mV 0C Model Setup 'MEM_ACCESS:MEM|driverVGA:driverVGA|pixel_clk'
Slack : -9.290
TNS   : -429.160

Type  : Slow 1100mV 0C Model Hold 'CLOCK_50'
Slack : 0.320
TNS   : 0.000

Type  : Slow 1100mV 0C Model Hold 'MEM_ACCESS:MEM|driverVGA:driverVGA|pixel_clk'
Slack : 0.394
TNS   : 0.000

Type  : Slow 1100mV 0C Model Recovery 'MEM_ACCESS:MEM|divisorGenerico:BaseDeTempoUmSegundo|tick'
Slack : -4.456
TNS   : -4.456

Type  : Slow 1100mV 0C Model Removal 'MEM_ACCESS:MEM|divisorGenerico:BaseDeTempoUmSegundo|tick'
Slack : 1.934
TNS   : 0.000

Type  : Slow 1100mV 0C Model Minimum Pulse Width 'CLOCK_50'
Slack : -2.636
TNS   : -2568.113

Type  : Slow 1100mV 0C Model Minimum Pulse Width 'MEM_ACCESS:MEM|driverVGA:driverVGA|pixel_clk'
Slack : -2.636
TNS   : -96.246

Type  : Slow 1100mV 0C Model Minimum Pulse Width 'MEM_ACCESS:MEM|divisorGenerico:BaseDeTempoUmSegundo|tick'
Slack : -0.538
TNS   : -0.884

Type  : Fast 1100mV 85C Model Setup 'CLOCK_50'
Slack : -4.636
TNS   : -6486.514

Type  : Fast 1100mV 85C Model Setup 'MEM_ACCESS:MEM|driverVGA:driverVGA|pixel_clk'
Slack : -4.519
TNS   : -194.060

Type  : Fast 1100mV 85C Model Hold 'MEM_ACCESS:MEM|driverVGA:driverVGA|pixel_clk'
Slack : 0.114
TNS   : 0.000

Type  : Fast 1100mV 85C Model Hold 'CLOCK_50'
Slack : 0.174
TNS   : 0.000

Type  : Fast 1100mV 85C Model Recovery 'MEM_ACCESS:MEM|divisorGenerico:BaseDeTempoUmSegundo|tick'
Slack : -1.966
TNS   : -1.966

Type  : Fast 1100mV 85C Model Removal 'MEM_ACCESS:MEM|divisorGenerico:BaseDeTempoUmSegundo|tick'
Slack : 0.717
TNS   : 0.000

Type  : Fast 1100mV 85C Model Minimum Pulse Width 'CLOCK_50'
Slack : -2.174
TNS   : -631.890

Type  : Fast 1100mV 85C Model Minimum Pulse Width 'MEM_ACCESS:MEM|driverVGA:driverVGA|pixel_clk'
Slack : -2.174
TNS   : -34.477

Type  : Fast 1100mV 85C Model Minimum Pulse Width 'MEM_ACCESS:MEM|divisorGenerico:BaseDeTempoUmSegundo|tick'
Slack : -0.066
TNS   : -0.066

Type  : Fast 1100mV 0C Model Setup 'MEM_ACCESS:MEM|driverVGA:driverVGA|pixel_clk'
Slack : -4.135
TNS   : -173.206

Type  : Fast 1100mV 0C Model Setup 'CLOCK_50'
Slack : -4.130
TNS   : -5568.235

Type  : Fast 1100mV 0C Model Hold 'CLOCK_50'
Slack : -0.083
TNS   : -0.083

Type  : Fast 1100mV 0C Model Hold 'MEM_ACCESS:MEM|driverVGA:driverVGA|pixel_clk'
Slack : 0.097
TNS   : 0.000

Type  : Fast 1100mV 0C Model Recovery 'MEM_ACCESS:MEM|divisorGenerico:BaseDeTempoUmSegundo|tick'
Slack : -1.871
TNS   : -1.871

Type  : Fast 1100mV 0C Model Removal 'MEM_ACCESS:MEM|divisorGenerico:BaseDeTempoUmSegundo|tick'
Slack : 0.785
TNS   : 0.000

Type  : Fast 1100mV 0C Model Minimum Pulse Width 'CLOCK_50'
Slack : -2.174
TNS   : -632.577

Type  : Fast 1100mV 0C Model Minimum Pulse Width 'MEM_ACCESS:MEM|driverVGA:driverVGA|pixel_clk'
Slack : -2.174
TNS   : -34.254

Type  : Fast 1100mV 0C Model Minimum Pulse Width 'MEM_ACCESS:MEM|divisorGenerico:BaseDeTempoUmSegundo|tick'
Slack : -0.041
TNS   : -0.041

------------------------------------------------------------
